Microsoft Windows [Version 10.0.26100.3915]
(c) Microsoft Corporation. All rights reserved.

C:\Users\user>cd desktop

C:\Users\user\Desktop>cd python ka chilla

C:\Users\user\Desktop\python ka chilla>cd local_repo
The system cannot find the path specified.

C:\Users\user\Desktop\python ka chilla>cd git_repo

C:\Users\user\Desktop\python ka chilla\git_repo>cd local_repo

C:\Users\user\Desktop\python ka chilla\git_repo\local_repo>git init
Initialized empty Git repository in C:/Users/user/Desktop/python ka chilla/git_repo/local_repo/.git/

C:\Users\user\Desktop\python ka chilla\git_repo\local_repo>git status
On branch master

No commits yet

Untracked files:
  (use "git add <file>..." to include in what will be committed)
        README.md

nothing added to commit but untracked files present (use "git add" to track)

C:\Users\user\Desktop\python ka chilla\git_repo\local_repo>git add README.md

C:\Users\user\Desktop\python ka chilla\git_repo\local_repo>git status
On branch master

No commits yet

Changes to be committed:
  (use "git rm --cached <file>..." to unstage)
        new file:   README.md


C:\Users\user\Desktop\python ka chilla\git_repo\local_repo>git commit -m
error: switch `m' requires a value

C:\Users\user\Desktop\python ka chilla\git_repo\local_repo>git commit -m "README file added"
Author identity unknown

*** Please tell me who you are.

Run

  git config --global user.email "you@example.com"
  git config --global user.name "Your Name"

to set your account's default identity.
Omit --global to set the identity only in this repository.

fatal: unable to auto-detect email address (got 'user@DESKTOP-G35C61S.(none)')

C:\Users\user\Desktop\python ka chilla\git_repo\local_repo>git config --global user.email "kanwarhamza.shuja@gmail.com"

C:\Users\user\Desktop\python ka chilla\git_repo\local_repo>git config --global user.name "KanwarHamza"

C:\Users\user\Desktop\python ka chilla\git_repo\local_repo>git commit -m "README file added"
[master (root-commit) 726518f] README file added
 1 file changed, 0 insertions(+), 0 deletions(-)
 create mode 100644 README.md

C:\Users\user\Desktop\python ka chilla\git_repo\local_repo>git status
On branch master
nothing to commit, working tree clean

C:\Users\user\Desktop\python ka chilla\git_repo\local_repo>git status
On branch master
Changes not staged for commit:
  (use "git add <file>..." to update what will be committed)
  (use "git restore <file>..." to discard changes in working directory)
        modified:   README.md

no changes added to commit (use "git add" and/or "git commit -a")

C:\Users\user\Desktop\python ka chilla\git_repo\local_repo>git add README.md

C:\Users\user\Desktop\python ka chilla\git_repo\local_repo>git commit -m "First line added"
[master 92c0770] First line added
 1 file changed, 1 insertion(+)

C:\Users\user\Desktop\python ka chilla\git_repo\local_repo>git status
On branch master
nothing to commit, working tree clean

C:\Users\user\Desktop\python ka chilla\git_repo\local_repo>git push
fatal: No configured push destination.
Either specify the URL from the command-line or configure a remote repository using

    git remote add <name> <url>

and then push using the remote name

    git push <name>
